com\github\invictum\reportportal\SuiteStorage$1.class
com\github\invictum\reportportal\injector\SerenityPortalModule.class
com\github\invictum\reportportal\LogsPreset$2.class
com\github\invictum\reportportal\Status.class
com\github\invictum\reportportal\LogStorage.class
com\github\invictum\reportportal\injector\ReportLaunchProvider.class
com\github\invictum\reportportal\recorder\Regular.class
com\github\invictum\reportportal\log\unit\Rest.class
com\github\invictum\reportportal\recorder\TestRecorder.class
com\github\invictum\reportportal\ReportIntegrationConfig.class
com\github\invictum\reportportal\log\unit\Error.class
com\github\invictum\reportportal\log\unit\Selenium.class
com\github\invictum\reportportal\recorder\BddDataDriven.class
com\github\invictum\reportportal\Utils.class
com\github\invictum\reportportal\SuiteStorage$SuiteMetadata.class
com\github\invictum\reportportal\EnhancedLogEntry.class
com\github\invictum\reportportal\LogsPreset$1.class
com\github\invictum\reportportal\LogLevel.class
com\github\invictum\reportportal\LogUnitsHolder.class
com\github\invictum\reportportal\ItemType.class
com\github\invictum\reportportal\FileStorage.class
com\github\invictum\reportportal\NarrativeExtractor.class
com\github\invictum\reportportal\StartEventBuilder.class
com\github\invictum\reportportal\FinishEventBuilder.class
com\github\invictum\reportportal\injector\LogUnitsHolderProvider.class
com\github\invictum\reportportal\LogsPreset$3.class
com\github\invictum\reportportal\injector\IntegrationInjector.class
com\github\invictum\reportportal\ReportPortalListener.class
com\github\invictum\reportportal\SuiteStorage.class
com\github\invictum\reportportal\LogsPreset.class
com\github\invictum\reportportal\log\unit\Attachment.class
