D:\GemJarPlugin\serenity-reportportal-integration\src\main\java\com\github\invictum\reportportal\EnhancedLogEntry.java
D:\GemJarPlugin\serenity-reportportal-integration\src\main\java\com\github\invictum\reportportal\injector\LogUnitsHolderProvider.java
D:\GemJarPlugin\serenity-reportportal-integration\src\main\java\com\github\invictum\reportportal\recorder\BddDataDriven.java
D:\GemJarPlugin\serenity-reportportal-integration\src\main\java\com\github\invictum\reportportal\log\unit\Selenium.java
D:\GemJarPlugin\serenity-reportportal-integration\src\main\java\com\github\invictum\reportportal\injector\IntegrationInjector.java
D:\GemJarPlugin\serenity-reportportal-integration\src\main\java\com\github\invictum\reportportal\LogsPreset.java
D:\GemJarPlugin\serenity-reportportal-integration\src\main\java\com\github\invictum\reportportal\FinishEventBuilder.java
D:\GemJarPlugin\serenity-reportportal-integration\src\main\java\com\github\invictum\reportportal\log\unit\Attachment.java
D:\GemJarPlugin\serenity-reportportal-integration\src\main\java\com\github\invictum\reportportal\NarrativeExtractor.java
D:\GemJarPlugin\serenity-reportportal-integration\src\main\java\com\github\invictum\reportportal\log\unit\Error.java
D:\GemJarPlugin\serenity-reportportal-integration\src\main\java\com\github\invictum\reportportal\recorder\TestRecorder.java
D:\GemJarPlugin\serenity-reportportal-integration\src\main\java\com\github\invictum\reportportal\LogLevel.java
D:\GemJarPlugin\serenity-reportportal-integration\src\main\java\com\github\invictum\reportportal\SuiteStorage.java
D:\GemJarPlugin\serenity-reportportal-integration\src\main\java\com\github\invictum\reportportal\injector\ReportLaunchProvider.java
D:\GemJarPlugin\serenity-reportportal-integration\src\main\java\com\github\invictum\reportportal\Status.java
D:\GemJarPlugin\serenity-reportportal-integration\src\main\java\com\github\invictum\reportportal\injector\SerenityPortalModule.java
D:\GemJarPlugin\serenity-reportportal-integration\src\main\java\com\github\invictum\reportportal\LogStorage.java
D:\GemJarPlugin\serenity-reportportal-integration\src\main\java\com\github\invictum\reportportal\ReportIntegrationConfig.java
D:\GemJarPlugin\serenity-reportportal-integration\src\main\java\com\github\invictum\reportportal\ReportPortalListener.java
D:\GemJarPlugin\serenity-reportportal-integration\src\main\java\com\github\invictum\reportportal\FileStorage.java
D:\GemJarPlugin\serenity-reportportal-integration\src\main\java\com\github\invictum\reportportal\LogUnitsHolder.java
D:\GemJarPlugin\serenity-reportportal-integration\src\main\java\com\github\invictum\reportportal\ItemType.java
D:\GemJarPlugin\serenity-reportportal-integration\src\main\java\com\github\invictum\reportportal\log\unit\Rest.java
D:\GemJarPlugin\serenity-reportportal-integration\src\main\java\com\github\invictum\reportportal\recorder\Regular.java
D:\GemJarPlugin\serenity-reportportal-integration\src\main\java\com\github\invictum\reportportal\StartEventBuilder.java
D:\GemJarPlugin\serenity-reportportal-integration\src\main\java\com\github\invictum\reportportal\Utils.java
