com\github\invictum\reportportal\UtilsTest.class
com\github\invictum\reportportal\LogUnitsHolderTest.class
com\github\invictum\reportportal\log\unit\AttachmentTest.class
com\github\invictum\reportportal\log\unit\RestTest.class
com\github\invictum\reportportal\recorder\RegularTest.class
com\github\invictum\reportportal\StartEventBuilderTest.class
com\github\invictum\reportportal\SuiteStorageTest.class
com\github\invictum\reportportal\FileStorageTest.class
com\github\invictum\reportportal\log\unit\ErrorTest.class
com\github\invictum\reportportal\LogsPresetTest.class
com\github\invictum\reportportal\NarrativeExtractorTest.class
com\github\invictum\reportportal\UtilsLogLevelTest.class
com\github\invictum\reportportal\ReportIntegrationConfigTest.class
com\github\invictum\reportportal\EnhancedLogEntityTest.class
com\github\invictum\reportportal\LogStorageTest.class
com\github\invictum\reportportal\TestInstance.class
com\github\invictum\reportportal\FinishEventBuilderTest.class
com\github\invictum\reportportal\ItemTypeTest.class
