D:\GemJarPlugin\serenity-reportportal-integration\src\test\java\com\github\invictum\reportportal\SuiteStorageTest.java
D:\GemJarPlugin\serenity-reportportal-integration\src\test\java\com\github\invictum\reportportal\log\unit\ErrorTest.java
D:\GemJarPlugin\serenity-reportportal-integration\src\test\java\com\github\invictum\reportportal\ReportIntegrationConfigTest.java
D:\GemJarPlugin\serenity-reportportal-integration\src\test\java\com\github\invictum\reportportal\TestInstance.java
D:\GemJarPlugin\serenity-reportportal-integration\src\test\java\com\github\invictum\reportportal\LogStorageTest.java
D:\GemJarPlugin\serenity-reportportal-integration\src\test\java\com\github\invictum\reportportal\NarrativeExtractorTest.java
D:\GemJarPlugin\serenity-reportportal-integration\src\test\java\com\github\invictum\reportportal\log\unit\RestTest.java
D:\GemJarPlugin\serenity-reportportal-integration\src\test\java\com\github\invictum\reportportal\ItemTypeTest.java
D:\GemJarPlugin\serenity-reportportal-integration\src\test\java\com\github\invictum\reportportal\FileStorageTest.java
D:\GemJarPlugin\serenity-reportportal-integration\src\test\java\com\github\invictum\reportportal\recorder\RegularTest.java
D:\GemJarPlugin\serenity-reportportal-integration\src\test\java\com\github\invictum\reportportal\EnhancedLogEntityTest.java
D:\GemJarPlugin\serenity-reportportal-integration\src\test\java\com\github\invictum\reportportal\LogUnitsHolderTest.java
D:\GemJarPlugin\serenity-reportportal-integration\src\test\java\com\github\invictum\reportportal\UtilsLogLevelTest.java
D:\GemJarPlugin\serenity-reportportal-integration\src\test\java\com\github\invictum\reportportal\StartEventBuilderTest.java
D:\GemJarPlugin\serenity-reportportal-integration\src\test\java\com\github\invictum\reportportal\FinishEventBuilderTest.java
D:\GemJarPlugin\serenity-reportportal-integration\src\test\java\com\github\invictum\reportportal\UtilsTest.java
D:\GemJarPlugin\serenity-reportportal-integration\src\test\java\com\github\invictum\reportportal\log\unit\AttachmentTest.java
D:\GemJarPlugin\serenity-reportportal-integration\src\test\java\com\github\invictum\reportportal\LogsPresetTest.java
